[?2004h[>4;1m[?4m[>1u[?u[?1049h[?25l[H[2Jsuccess[24d[?1049l[?25h[?2004l