[?2004h[>4;1m[?4m[>1u[?u]10;?]11;?]12;?[?25lsuccess[?25h[?2004l