[?2004h[>4;1m[?4m[>1u[?u[?2004l[?2004h[?25lsuccess[?25h[?2004l