[?2004h[?2004l[?2004h[?25l
[J[Asuccess
[K[?25h[?2004l