[?2004h[H[?25l[J

[JM[Asuccess
[K[?25h[?2004l