[?2004h[>4;1m[?4m[>1u[?u[H[?25l[Jsuccess[?25h[?2004l
