[?2004h[>4;1m[?4m[>3u[?u[?25l
[J[Asuccess
[K[?25h[?2004l