[?2004h[?25l
[J[A[Asuccess
[K[?25h[?2004l
