[?2004h[>4;1m[?4m[>1u[?u[?1002h[?1006h[?25lsuccess[?25h[?2004l[?1002l[?1006l