[?2004h[>4;1m[?4m[>1u[?u[?1003h[?1006h[?25lsuccess[?25h[?2004l[?1003l[?1006l
