[?2004h]52;c;?]52;c;c3VjY2Vzcw==[?25l
[J[Asuccess
[K[?25h[?2004l