[?2004h[>4;1m[?4m[>1u[?u]52;c;?]52;c;c3VjY2Vzcw==[?25lsuccess[?25h[?2004l
